Hitachi Optimizing Linkage Editor (Ver. 7.1.03.000)08-Apr-2012 12:50:10

*** Options ***

C:\PROGRA~1\CASIO\CLASSP~2\obj\startaplAddin.obj
C:\PROGRA~1\CASIO\CLASSP~2\obj\setup.obj
C:\PROGRA~1\CASIO\CLASSP~2\obj\sectionAddin.obj
C:\PROGRA~1\CASIO\CLASSP~2\obj\RSYSRAM.obj
C:\PROGRA~1\CASIO\CLASSP~2\obj\BootINF.obj
C:\PROGRA~1\CASIO\CLASSP~2\obj\main.obj
-LIB=C:\PROGRA~1\CASIO\CLASSP~2\lib\bioslib.lib, C:\PROGRA~1\CASIO\CLASSP~2\lib\libc.lib, C:\PROGRA~1\CASIO\CLASSP~2\lib\HiLIB.lib, C:\PROGRA~1\CASIO\CLASSP~2\lib\SHCLIBapl.lib, C:\PROGRA~1\CASIO\CLASSP~2\lib\libgcall.lib, C:\PROGRA~1\CASIO\CLASSP~2\lib\JmpTblApl.lib, C:\PROGRA~1\CASIO\CLASSP~2\lib\ADDCOMMON.lib, F:\LANGAG~2\CPBF\Sources\OUTPUT~1\aplmain.lib
-OU=F:\LANGAG~2\CPBF\Sources\OUTPUT~1\ADDINAPL.rld
-CH=warning=2310
-FO=sectrel
-NOPRE
-NOM
-LIS=F:\LANGAG~2\CPBF\Sources\OUTPUT~1\ADDINAPL.map
-SH=SY
-NOLO

*** Error information ***

** L2310 (W) Undefined external symbol "typeinfo for CPModuleWindow" referenced in "BFModuleWindow"

*** Mapping List ***

SECTION                            START      END         SIZE   ALIGN

P
                                  00000000  00001adf      1ae0   4
C_binaryinfo
                                  00000000  0000003b        3c   4
B_heap
                                  00000000  0000000b         c   4
B
                                  00000000  0000001e        1f   4
R
                                  00000000  00000000         0   4
C$VTBL
                                  00000000  000002cf       2d0   4
C$INIT
                                  00000000  0000000b         c   4
B$VTBL
                                  00000000  00000000         0   4
D
                                  00000000  0000006f        70   4
C
                                  00000000  000004c9       4ca   4
B_SYSRAM
                                  00000000  00001b13      1b14   4
C_programinfo
                                  00000000  00000063        64   4

*** Symbol List ***

SECTION=
FILE=                               START        END    SIZE
  SYMBOL                            ADDR        SIZE    INFO      COUNTS  OPT

*** Delete Symbols ***

SYMBOL                                SIZE    INFO

*** Variable Accessible with Abs8 ***

SYMBOL                                SIZE    COUNTS  OPTIMIZE

*** Variable Accessible with Abs16 ***

SYMBOL                                SIZE    COUNTS  OPTIMIZE

*** Function Call ***

SYMBOL                              COUNTS  OPTIMIZE
